// Jest Snapshot v1, https://goo.gl/fbAQLP

exports[`SignInTabForm Component should render without throwing an error 1`] = `
<AuthForm
  auth={true}
  confirmPassword="Lifeisarace"
  email="fakunlesamuel@gmail.com"
  error={Object {}}
  fullname="fakunlesamuel@gmail.com"
  handleChange={[MockFunction]}
  handleSignUp={[MockFunction]}
  password="Lifeisarace"
  signInUser={[Function]}
  signUpUser={[Function]}
  store={
    Object {
      "clearActions": [Function],
      "dispatch": [Function],
      "getActions": [Function],
      "getState": [Function],
      "replaceReducer": [Function],
      "subscribe": [Function],
    }
  }
  storeSubscription={
    Subscription {
      "listeners": Object {
        "clear": [Function],
        "get": [Function],
        "notify": [Function],
        "subscribe": [Function],
      },
      "onStateChange": [Function],
      "parentSub": undefined,
      "store": Object {
        "clearActions": [Function],
        "dispatch": [Function],
        "getActions": [Function],
        "getState": [Function],
        "replaceReducer": [Function],
        "subscribe": [Function],
      },
      "unsubscribe": [Function],
    }
  }
  user={
    Object {
      "email": "joeeasy@gmail.com",
      "iat": 1540985284931,
      "id": "6bf54873-6033-4ab0-855d-336a34e1dfbc",
      "role": "User",
      "username": "joeeasy",
    }
  }
/>
`;
