// Jest Snapshot v1, https://goo.gl/fbAQLP

exports[`SignInTabForm Component should render without throwing an error 1`] = `
<RequestForm
  confirmPassword="Lifeisarace"
  createRequestAction={[Function]}
  email="fakunlesamuel@gmail.com"
  fullname="fakunlesamuel@gmail.com"
  handleChange={[MockFunction]}
  handleSignIn={[MockFunction]}
  handleSignUp={[MockFunction]}
  hideModalRequest={[MockFunction]}
  history={Object {}}
  password="Lifeisarace"
  request={Object {}}
  store={
    Object {
      "clearActions": [Function],
      "dispatch": [Function],
      "getActions": [Function],
      "getState": [Function],
      "replaceReducer": [Function],
      "subscribe": [Function],
    }
  }
  storeSubscription={
    Subscription {
      "listeners": Object {
        "clear": [Function],
        "get": [Function],
        "notify": [Function],
        "subscribe": [Function],
      },
      "onStateChange": [Function],
      "parentSub": undefined,
      "store": Object {
        "clearActions": [Function],
        "dispatch": [Function],
        "getActions": [Function],
        "getState": [Function],
        "replaceReducer": [Function],
        "subscribe": [Function],
      },
      "unsubscribe": [Function],
    }
  }
  user={
    Object {
      "email": "joeeasy@gmail.com",
      "iat": 1540985284931,
      "id": "6bf54873-6033-4ab0-855d-336a34e1dfbc",
      "role": "Admin",
      "username": "joeeasy",
    }
  }
/>
`;

exports[`SignInTabForm Component should render without throwing an error 2`] = `
<div
  className="modal"
  id="createRequestModal"
>
  <div
    className="modal-content"
  >
    <div
      className="modal-header"
    >
      <span
        className="close"
        id="createRequestSpan"
        onClick={
          [MockFunction] {
            "calls": Array [
              Array [],
            ],
            "results": Array [
              Object {
                "isThrow": false,
                "value": undefined,
              },
            ],
          }
        }
      >
        Ã—
      </span>
    </div>
    <div
      className="modal-body"
    >
      <div
        className="row"
      >
        <div
          className="container center"
        >
          <div
            className="row"
          >
            <h2
              className="float-left"
            >
              Create A New Request
            </h2>
          </div>
          <form
            className=" center"
            id="createRequestForm"
            method="POST"
          >
            <div
              className="row"
            >
              <div
                className="row"
              >
                <div
                  className="input col col-1"
                >
                  <input
                    id="requestTitle"
                    name="title"
                    onChange={[Function]}
                    placeholder="Request Title"
                    required={true}
                    type="text"
                    value=""
                  />
                  <div
                    className="display-none"
                    id="errorDiv"
                  >
                    <p
                      className="hide-div"
                      id="signupErrorMessage"
                    />
                  </div>
                </div>
              </div>
              <div
                className="row"
              >
                <div
                  className="input col col-1"
                >
                  <textarea
                    className="desc-txt-area"
                    cols="50"
                    id="requestDescription"
                    name="description"
                    onChange={[Function]}
                    placeholder="Request Description"
                    required={true}
                    rows="5"
                    value=""
                  />
                  <div
                    className="display-none"
                    id="errorDiv"
                  >
                    <p
                      className="hide-div"
                      id="signupErrorMessage"
                    />
                  </div>
                </div>
              </div>
            </div>
            <br />
            <button
              className="btn-create-request"
              id="createUserRequestButton"
              onClick={[Function]}
              type="button"
            >
              Create
            </button>
          </form>
          <br />
        </div>
      </div>
    </div>
    <br />
    <br />
  </div>
</div>
`;
